node:internal/modules/esm/resolve:274
    throw new ERR_MODULE_NOT_FOUND(
          ^

Error [ERR_MODULE_NOT_FOUND]: Cannot find module 'D:\Çalışma Alanı\01_Projeler\_Worktrees\agenttoll-remediation-20260914\src\operations-data.js' imported from D:\Çalışma Alanı\01_Projeler\_Worktrees\agenttoll-remediation-20260914\tests\operations-data.test.ts
    at finalizeResolution (node:internal/modules/esm/resolve:274:11)
    at moduleResolve (node:internal/modules/esm/resolve:864:10)
    at defaultResolve (node:internal/modules/esm/resolve:990:11)
    at #cachedDefaultResolve (node:internal/modules/esm/loader:718:20)
    at #resolveAndMaybeBlockOnLoaderThread (node:internal/modules/esm/loader:735:38)
    at nextStep (node:internal/modules/customization_hooks:189:26)
    at resolveBaseSync (file:///D:/%C3%87al%C4%B1%C5%9Fma%20Alan%C4%B1/01_Projeler/_Worktrees/agenttoll-remediation-20260914/node_modules/tsx/dist/register-zZ7SWseA.mjs:2:9102)
    at resolveDirectorySync (file:///D:/%C3%87al%C4%B1%C5%9Fma%20Alan%C4%B1/01_Projeler/_Worktrees/agenttoll-remediation-20260914/node_modules/tsx/dist/register-zZ7SWseA.mjs:2:10315)
    at resolveTsPathsSync (file:///D:/%C3%87al%C4%B1%C5%9Fma%20Alan%C4%B1/01_Projeler/_Worktrees/agenttoll-remediation-20260914/node_modules/tsx/dist/register-zZ7SWseA.mjs:2:11547)
    at resolve (file:///D:/%C3%87al%C4%B1%C5%9Fma%20Alan%C4%B1/01_Projeler/_Worktrees/agenttoll-remediation-20260914/node_modules/tsx/dist/register-zZ7SWseA.mjs:2:13365) {
  code: 'ERR_MODULE_NOT_FOUND',
  url: 'file:///D:/%C3%87al%C4%B1%C5%9Fma%20Alan%C4%B1/01_Projeler/_Worktrees/agenttoll-remediation-20260914/src/operations-data.js'
}

Node.js v24.13.0
✖ tests\operations-data.test.ts (184.5338ms)
ℹ tests 1
ℹ suites 0
ℹ pass 0
ℹ fail 1
ℹ cancelled 0
ℹ skipped 0
ℹ todo 0
ℹ duration_ms 192.0364

✖ failing tests:

test at tests\operations-data.test.ts:1:1
✖ tests\operations-data.test.ts (184.5338ms)
  'test failed'
